[11-Jun-2017 01:44:06 Europe/Berlin] PHP Warning:  require(test.php): failed to open stream: No such file or directory in C:\xampp\htdocs\MultiCulti\db_functions.php on line 27
[11-Jun-2017 01:44:06 Europe/Berlin] PHP Fatal error:  require(): Failed opening required 'test.php' (include_path='C:\xampp\php\PEAR') in C:\xampp\htdocs\MultiCulti\db_functions.php on line 27
[11-Jun-2017 01:44:25 Europe/Berlin] PHP Fatal error:  Call to a member function execute() on boolean in C:\xampp\htdocs\MultiCulti\db_functions.php on line 13
